<!DOCTYPE html><html><head><meta name="viewport" content="width=device-width"/><meta charSet="utf-8"/><meta name="description" content="Gianpaolo Macario&#x27;s public rants"/><title>Upgrading OpenWrt on my Arduino Yun</title><meta name="next-head-count" content="4"/><link rel="preload" href="/_next/static/css/08fafe92abad983f984c.css" as="style"/><link rel="stylesheet" href="/_next/static/css/08fafe92abad983f984c.css" data-n-g=""/><noscript data-n-css=""></noscript><link rel="preload" href="/_next/static/chunks/webpack-50bee04d1dc61f8adf5b.js" as="script"/><link rel="preload" href="/_next/static/chunks/framework.1a5e6c0bcaecf178eee2.js" as="script"/><link rel="preload" href="/_next/static/chunks/commons.a817edd9b2693fcc6af8.js" as="script"/><link rel="preload" href="/_next/static/chunks/main-daaff4f95c13923f49a5.js" as="script"/><link rel="preload" href="/_next/static/chunks/pages/_app-041b1432faef8bf5f62a.js" as="script"/><link rel="preload" href="/_next/static/chunks/b38cc82cec06c0ea8b096def674947a423bb2764.260eb1ac110a53311620.js" as="script"/><link rel="preload" href="/_next/static/chunks/pages/posts/%5Bslug%5D-1c9a30b06d2f3be2ac9c.js" as="script"/></head><body><div id="__next"><main class="h-screen flex flex-col"><header class="py-3 fixed top-0 z-50 flex flex-wrap justify-between w-screen bg-white border-b border-gray-200"><div class="mx-3 py-2 px-4  font-bold text-indigo-500">Gianpaolo Macario&#x27;s blog</div><div class="justify-end"><a class="mr-6 py-2 px-4 inline-block rounded h-full text-indigo-500 hover:text-white hover:bg-indigo-500" href="/">Home</a><a class="mr-6 py-2 px-4 inline-block rounded h-full text-indigo-500 hover:text-white hover:bg-indigo-500" href="/posts">Posts</a></div></header><div class="pt-28 mx-auto w-5/6 break-words flex flex-grow prose prose-indigo hover:prose-black md:prose-lg lg:prose-xl"><article><h1>Upgrading OpenWrt on my Arduino Yun</h1><div class="prose prose-indigo hover:prose-black md:prose-lg lg:prose-xl"><!-- markdown-link-check-disable -->

<p>Read instructions at <a href="http://arduino.cc/en/Tutorial/YunSysupgrade">http://arduino.cc/en/Tutorial/YunSysupgrade</a></p>
<h3 id="required-material">Required material</h3>
<ul>
<li>Arduino Yun</li>
<li>One USB-to-microUSB cable</li>
<li>One microSD card</li>
<li>One laptop with Arduino IDE 1.6.0 or later</li>
<li>Internet connectivity to download the Yun Sysupgrade image</li>
<li>A microSD card reader to plug into your laptop</li>
</ul>
<h3 id="preparation">Preparation</h3>
<ul>
<li><p>Insert the microSD card into the SD-card reader of the laptop. Format it to FAT32 if it was unformatted.</p>
</li>
<li><p>Download the OpenWrt-Yun upgrade image from <a href="http://arduino.cc/en/Main/Software">http://arduino.cc/en/Main/Software</a></p>
<ul>
<li>Search for &quot;OPENWRT-YUN x.y.z UPGRADE IMAGE&quot;</li>
<li>As of 2015-03-28, this downloads <code>YunSysupgradeImage_v1.5.3.zip</code></li>
</ul>
</li>
<li><p>Unzip the file to the root directory of the microSD card</p>
</li>
<li><p>Insert the microSD card into the Yun</p>
</li>
<li><p>Connect the Yun to the laptop using a USB-to-MicroUSB cable</p>
</li>
<li><p>Launch Arduino IDE</p>
</li>
<li><p>Configure Arduino IDE</p>
<ul>
<li>Tools &gt; Board: Arduino Yun</li>
<li>Tools &gt; Port: COMxx (Arduino Yun)</li>
</ul>
</li>
<li><p>Open the <a href="http://arduino.cc/en/Tutorial/YunSerialTerminal"><code>YunSerialTerminal</code></a> sketch and upload it to the Yun:</p>
<ul>
<li>File &gt; Examples &gt; Bridge &gt; YunSerialTerminal</li>
<li>File &gt; Upload</li>
</ul>
</li>
<li><p>Open the Serial Monitor</p>
<ul>
<li>Tools &gt; Serial Monitor</li>
</ul>
</li>
<li><p>In the Serial Monitor, type <code>~2</code> then &quot;Enter&quot; to set speed to 250000 bit/s</p>
</li>
<li><p>Press the &quot;YUN RST&quot; button on your Yun</p>
</li>
<li><p>Watch the Serial Monitor for your Linux boot log</p>
</li>
</ul>
<h4 id="boot-log-before-upgrading-yun">Boot log before upgrading Yun</h4>
<pre><code>Speed set to 250000


U-Boot 1.1.4-dirty (Apr 10 2014 - 15:12:15)

Arduino Yun (ar9331) U-boot

DRAM:  64 MB
Top of RAM usable for U-Boot at: 84000000
Reserving 142k for U-Boot at: 83fdc000
Reserving 192k for malloc() at: 83fac000
Reserving 44 Bytes for Board Info at: 83fabfd4
Reserving 36 Bytes for Global Data at: 83fabfb0
Reserving 128k for boot params() at: 83f8bfb0
Stack Pointer at: 83f8bf98
Now running in RAM - U-Boot at: 83fdc000
Flash Manuf Id 0xef, DeviceId0 0x40, DeviceId1 0x18
flash size 16777216, sector count = 256
Flash: 16 MB
Using default environment

In:    serial
Out:   serial
Err:   serial
Net:   ag7240_enet_initialize...
No valid address in Flash. Using fixed address
No valid address in Flash. Using fixed address
: cfg1 0x5 cfg2 0x7114
eth0: 00:03:7f:09:0b:ad
eth0 up
: cfg1 0xf cfg2 0x7214
eth1: 00:03:7f:09:0b:ad
athrs26_reg_init_lan
ATHRS26: resetting s26
ATHRS26: s26 reset done
eth1 up
eth0, eth1
Hit any key to stop autoboot:  4  3  2  1  0
## Booting image at 9fea0000 ...
   Image Name:   MIPS OpenWrt Linux-3.3.8
   Created:      2014-04-17   8:11:04 UTC
   Image Type:   MIPS Linux Kernel Image (lzma compressed)
   Data Size:    1185367 Bytes =  1.1 MB
   Load Address: 80060000
   Entry Point:  80060000
   Verifying Checksum at 0x9fea0040 ...OK
   Uncompressing Kernel Image ... OK
No initrd
## Transferring control to Linux (at address 80060000) ...
## Giving linux memsize in bytes, 67108864

Starting kernel ...

[    0.000000] Linux version 3.3.8 (jenkins@jenkins) (gcc version 4.6.3 20120201 (prerelease) (Linaro GCC 4.6-2012.02) ) #1 Fri Apr 11 07:16:38 CEST 2014
[    0.000000] bootconsole [early0] enabled
[    0.000000] CPU revision is: 00019374 (MIPS 24Kc)
[    0.000000] SoC: Atheros AR9330 rev 1
[    0.000000] Clocks: CPU:400.000MHz, DDR:400.000MHz, AHB:200.000MHz, Ref:25.000MHz
[    0.000000] Determined physical RAM map:
[    0.000000]  memory: 04000000 @ 00000000 (usable)
[    0.000000] Initrd not found or empty - disabling initrd
[    0.000000] Zone PFN ranges:
[    0.000000]   Normal   0x00000000 -&gt; 0x00004000
[    0.000000] Movable zone start PFN for each node
[    0.000000] Early memory PFN ranges
[    0.000000]     0: 0x00000000 -&gt; 0x00004000
[    0.000000] Built 1 zonelists in Zone order, mobility grouping on.  Total pages: 16256
[    0.000000] Kernel command line:  board=Yun console=ttyATH0,250000 mtdparts=spi0.0:256k(u-boot)ro,64k(u-boot-env)ro,14656k(rootfs),1280k(kernel),64k(nvram),64k(art),15936k@0x50000(firmware) rootfstype=squashfs,jffs2 noinitrd
[    0.000000] PID hash table entries: 256 (order: -2, 1024 bytes)
[    0.000000] Dentry cache hash table entries: 8192 (order: 3, 32768 bytes)
[    0.000000] Inode-cache hash table entries: 4096 (order: 2, 16384 bytes)
[    0.000000] Primary instruction cache 64kB, VIPT, 4-way, linesize 32 bytes.
[    0.000000] Primary data cache 32kB, 4-way, VIPT, cache aliases, linesize 32 bytes
[    0.000000] Writing ErrCtl register=00000000
[    0.000000] Readback ErrCtl register=00000000
[    0.000000] Memory: 60936k/65536k available (2565k kernel code, 4600k reserved, 650k data, 180k init, 0k highmem)
[    0.000000] SLUB: Genslabs=9, HWalign=32, Order=0-3, MinObjects=0, CPUs=1, Nodes=1
[    0.000000] NR_IRQS:51
[    0.000000] Calibrating delay loop... 265.42 BogoMIPS (lpj=1327104)
[    0.080000] pid_max: default: 32768 minimum: 301
[    0.080000] Mount-cache hash table entries: 512
[    0.080000] NET: Registered protocol family 16
[    0.090000] gpiochip_add: registered GPIOs 0 to 29 on device: ath79
[    0.090000] MIPS: machine is Arduino Yun
[    0.530000] Setting DogStick2 GPIO
[    0.550000] bio: create slab &lt;bio-0&gt; at 0
[    0.550000] SCSI subsystem initialized
[    0.560000] usbcore: registered new interface driver usbfs
[    0.560000] usbcore: registered new interface driver hub
[    0.560000] usbcore: registered new device driver usb
[    0.570000] Switching to clocksource MIPS
[    0.570000] NET: Registered protocol family 2
[    0.570000] IP route cache hash table entries: 1024 (order: 0, 4096 bytes)
[    0.580000] TCP established hash table entries: 2048 (order: 2, 16384 bytes)
[    0.580000] TCP bind hash table entries: 2048 (order: 1, 8192 bytes)
[    0.580000] TCP: Hash tables configured (established 2048 bind 2048)
[    0.580000] TCP reno registered
[    0.580000] UDP hash table entries: 256 (order: 0, 4096 bytes)
[    0.590000] UDP-Lite hash table entries: 256 (order: 0, 4096 bytes)
[    0.590000] NET: Registered protocol family 1
[    0.610000] squashfs: version 4.0 (2009/01/31) Phillip Lougher
[    0.610000] JFFS2 version 2.2 (NAND) (SUMMARY) (LZMA) (RTIME) (CMODE_PRIORITY) (c) 2001-2006 Red Hat, Inc.
[    0.620000] msgmni has been set to 119
[    0.620000] Block layer SCSI generic (bsg) driver version 0.4 loaded (major 254)
[    0.620000] io scheduler noop registered
[    0.630000] io scheduler deadline registered (default)
[    0.630000] Serial: 8250/16550 driver, 16 ports, IRQ sharing enabled
[    0.640000] ar933x-uart: ttyATH0 at MMIO 0x18020000 (irq = 11) i{ a AR933X UART
[    0.640000] console [ttyATH0] enabled, bootconsole disabled
[    0.640000] console [ttyATH0] enabled, bootconsole disabled
[    0.650000] m25p80 spi0.0: found w25q128, expected m25p80
[    0.650000] m25p80 spi0.0: w25q128 (16384 Kbytes)
[    0.650000] 7 cmdlinepart partitions found on MTD device spi0.0
[    0.660000] Creating 7 MTD partitions on &quot;spi0.0&quot;:
[    0.660000] 0x000000000000-0x000000040000 : &quot;u-boot&quot;
[    0.660000] 0x000000040000-0x000000050000 : &quot;u-boot-env&quot;
[    0.670000] 0x000000050000-0x000000ea0000 : &quot;rootfs&quot;
[    0.670000] mtd: partition &quot;rootfs&quot; set to be root filesystem
[    0.670000] mtd: partition &quot;rootfs_data&quot; created automatically, ofs=7A0000, len=700000
[    0.680000] 0x0000007a0000-0x000000ea0000 : &quot;rootfs_data&quot;
[    0.680000] 0x000000ea0000-0x000000fe0000 : &quot;kernel&quot;
[    0.680000] 0x000000fe0000-0x000000ff0000 : &quot;nvram&quot;
[    0.690000] 0x000000ff0000-0x000001000000 : &quot;art&quot;
[    0.690000] 0x000000050000-0x000000fe0000 : &quot;firmware&quot;
[    0.710000] ag71xx_mdio: probed
[    0.720000] eth0: Atheros AG71xx at 0xba000000, irq 5
[    1.270000] eth0: Found an AR7240/AR9330 built-in switch
[    2.300000] eth1: Atheros AG71xx at 0xb9000000, irq 4
[    2.850000] ag71xx ag71xx.0: eth1: connected to PHY at ag71xx-mdio.1:04 [uid=004dd041, driver=Generic PHY]
[    2.850000] ehci_hcd: USB 2.0 &#39;Enhanced&#39; Host Controller (EHCI) Driver
[    2.850000] ehci-platform ehci-platform: Generic Platform EHCI Controller
[    2.860000] ehci-platform ehci-platform: new USB bus registered, assigned bus number 1
[    2.890000] ehci-platform ehci-platform: irq 3, io mem 0x1b000000
[    2.910000] ehci-platform ehci-platform: USB 2.0 started, EHCI 1.00
[    2.910000] usb usb1: New USB device found, idVendor=1d6b, idProduct=0002
[    2.910000] usb usb1: New USB device strings: Mfr=3, Product=2, SerialNumber=1
[    2.910000] usb usb1: Product: Generic Platform EHCI Controller
[    2.920000] usb usb1: Manufacturer: Linux 3.3.8 ehci_hcd
[    2.920000] usb usb1: SerialNumber: ehci-platform
[    2.920000] hub 1-0:1.0: USB hub found
[    2.920000] hub 1-0:1.0: 1 port detected
[    2.930000] Initializing USB Mass Storage driver...
[    2.930000] usbcore: registered new interface driver usb-storage
[    2.930000] USB Mass Storage support registered.
[    2.930000] input: gpio-keys-polled as /devices/platform/gpio-keys-polled/input/input0
[    2.940000] sdhci: Secure Digital Host Controller Interface driver
[    2.940000] sdhci: Copyright(c) Pierre Ossman
[    2.940000] usbcore: registered new interface driver ushc
[    2.940000] TCP cubic registered
[    2.950000] NET: Registered protocol family 17
[    2.950000] Bridge firewalling registered
[    2.950000] 8021q: 802.1Q VLAN Support v1®8
[    2.960000] VFS: Mounted root (squashfs filesystem) readonly on device 31:2.
[    2.960000] Freeing unused kernel memory: 180k freed
[    3.250000] usb 1-1: new high-speed USB device number 2 using ehci-platform
[    3.460000] usb 1-1: New USB device found, idVendor=058f, idProduct=6254
[    3.460000] usb 1-1: New USB device strings: Mfr=0, Product=1, SerialNumber=0
[    3.470000] usb 1-1: Product: USB2.0Hub
[    3.570000] hub 1-1:1.0: USB hub found
[    3.570000] hub 1-1:1.0: 4 ports detected
[    3.990000] usb 1-1.4: new high-speed USB device number 3 using ehci-platform
[    4.200000] usb 1-1.4: New USB device found, idVendor=058f, idProduct=6366
[    4.200000] usb 1-1.4: New USB device strings: Mfr=1, Product=2, SerialNumber=3
[    4.200000] usb 1-1.4: Product: Mass Storage Device
[    4.200000] usb 1-1.4: Manufacturer: Generic
[    4.210000] usb 1-1.4: SerialNumber: 058F0O1111B1
[    4.280000] scsi0 : usb-storage 1-1.4:1.0
[    5.030000] Error: Driver &#39;gpio-keys-polled&#39; is already registered, aborting...
[    5.280000] scsi 0:0:0:0: Direct-Access     Multi    Flash Reader     1.00 PQ: 0 ANSI: 0
- preinit -
Press the [f] key and hit [enter] to enter failsafe mode
- regular preinit -
[    9.580000] JFFS2 notice: (525) jffs2_build_xattr_subsystem: complete building xattr subsystem, 1 of xdatum (1 unchecked, 0 orphan) and 43 of xref (0 dead, 32 orphan) found.
[   10.770000] sd 0:0:0:0: [sda] Attached SCSI removable disk
switching to jffs2
- init -

Please press Enter to activate this console. [   38.170000] Loading modules backported from Linux version master-2014-01-23-0-g62c147d
[   38.180000] Backport generated by backports.git backports-20140124-0-g1256d3e
[   38.210000] cfg80211: Calling CRDA to update world regulatory domain
[   38.220000] cfg80211: World regulatory domain updated:
[   38.220000] cfg80211:  DFS Master region: unset
[   38.220000] cfg80211:   (start_freq - end_freq @ bandwidth), (max_antenna_gain, max_eirp)
[   38.230000] cfg80211:   (2402000 KHz - 2472000 KHz @ 40000 KHz), (300 mBi, 2000 mBm)
[   38.230000] cfg80211:   (2457000 KHz - 2482000 KHz @ 40000 KHz), (300 mBi, 2000 mBm)
[   38.230000] cfg80211:   (2474000 KHz - 2494000 KHz @ 20000 KHz), (300 mBi, 2000 mBm)
[   38.240000] cfg80211:   (5170000 KHz - 5250000 KHz @ 80000 KHz), (300 mBi, 2000 mBm)
[   38.240000] cfg80211:   (5735000 KHz - 5835000 KHz @ 80000 KHz), (300 mBi, 2000 mBm)
[   38.240000] cfg80211:   (57240000 KHz - 63720000 KHz @ 2160000 KHz), (N/A, 0 mBm)
[   39.210000] ieee80211 phy0: Atheros AR9330 Rev:1 mem=0xb8100000, irq=2
[   39.210000] cfg80211: Calling CRDA for country: US
[   39.220000] cfg80211: Regulatory domain changed to country: US
[   39.220000] cfg80211:  DFS Master region: FCC
[   39.220000] cfg80211:   (start_freq - end_freq @ bandwidth), (max_antenna_gain, max_eirp)
[   39.220000] cfg80211:   (2402000 KHz - 2472000 KHz @ 40000 KHz), (300 mBi, 2700 mBm)
[   39.230000] cfg80211:   (5170000 KHz - 5250000 KHz @ 80000 KHz), (300 mBi, 1700 mBm)
[   39.230000] cfg80211:   (5250000 KHz - 5330000 KHz @ 80000 KHz), (300 mBi, 2400 mBm)
[   39.240000] cfg80211:   (5490000 KHz - 5600000 KHz @ 80000 KHz), (300 mBi, 2400 mBm)
[   39.240000] cfg80211:   (5650000 KHz - 5710000 KHz @ 40000 KHz), (300 mBi, 2400 mBm)
[   39.240000] cfg80211:   (5735000 KHz - 5835000 KHz @ 80000 KHz), (300 mBi, 3000 mBm)
[   39.250000] cfg80211:   (57240000 KHz - 63720000 KHz @ 2160000 KHz), (N/A, 4000 mBm)
[   39.660000] NTFS driver 2.1.30 [Flags: R/O MODULE].
[   39.700000] Error: Driver &#39;gpio-keys-polled&#39; is already registered, aborting...
[   39.740000] loop: module loaded
[   39.870000] PPP generic driver version 2.4.2
[   39.930000] ip_tables: (C) 2000-2006 Netfilter Core Team
[   40.050000] NET: Registered protocol family 24
[   40.080000] nf_conntrack version 0.5.0 (954 buckets, 3816 max)
[   40.520000] i2c /dev entries driver
[   40.560000] Linux video capture interface: v2.00
[   40.680000] fuse init (API version 7.18)
[   50.260000] cfg80211: Calling CRDA for country: IT
[   50.260000] cfg80211: Regulatory domain changed to country: IT
[   50.260000] cfg80211:  DFS Master region: ETSI
[   50.260000] cfg80211:   (start_freq - end_freq @ bandwidth), (max_antenna_gain, max_eirp)
[   50.270000] cfg80211:   (2402000 KHz - 2482000 KHz @ 40000 KHz), (N/A, 2000 mBm)
[   50.270000] cfg80211:   (5170000 KHz - 5250000 KHz @ 80000 KHz), (N/A, 2000 mBm)
[   50.270000] cfg80211:   (5250000 KHz - 5330000 KHz @ 80000 KHz), (N/A, 2000 mBm)
[   50.280000] cfg80211:   (5490000 KHz - 5710000 KHz @ 80000 KHz), (N/A, 2700 mBm)
[   50.280000] cfg80211:   (57240000 KHz - 65880000 KHz @ 2160000 KHz), (N/A, 4000 mBm)
[   53.680000] wlan0: authenticate with 00:22:6b:6e:3a:43
[   53.690000] wlan0: send auth to 00:22:6b:6e:3a:43 (try 1/3)
[   53.690000] wlan0: authenticated
[   53.710000] ath9k ar933x_wmac: wlan0: disabling HT/VHT due to WEP/TKIP use
[   53.710000] ath9k ar933x_wmac: wlan0: disabling HT as WMM/QoS is not supported by the AP
[   53.710000] ath9k ar933x_wmac: wlan0: disabling VHT as WMM/QoS is not supported by the AP
[   53.730000] wlan0: associate with 00:22:6b:6e:3a:43 (try 1/3)
[   53.830000] wlan0: RX AssocResp from 00:22:6b:6e:3a:43 (capab=0x411 status=0 aid=8)
[   53.840000] wlan0: associated
</code></pre>
<h3 id="upgrading-using-the-terminal">Upgrading using the terminal</h3>
<p>ssh <a href="mailto:&#x72;&#x6f;&#x6f;&#x74;&#64;&#89;&#x75;&#110;&#x47;&#109;&#x61;&#x63;&#97;&#x72;&#x69;&#x6f;&#x2e;&#x6c;&#111;&#x63;&#x61;&#x6c;">&#x72;&#x6f;&#x6f;&#x74;&#64;&#89;&#x75;&#110;&#x47;&#109;&#x61;&#x63;&#97;&#x72;&#x69;&#x6f;&#x2e;&#x6c;&#111;&#x63;&#x61;&#x6c;</a></p>
<pre><code>gmacario@ITM-GMACARIO-W7 ~
$ ssh root@YunGmacario.local
root@yungmacario.local&#39;s password:


BusyBox v1.19.4 (2014-04-10 11:08:41 CEST) built-in shell (ash)
Enter &#39;help&#39; for a list of built-in commands.

  _______                     ________        __
 |       |.-----.-----.-----.|  |  |  |.----.|  |_
 |   -   ||  _  |  -__|     ||  |  |  ||   _||   _|
 |_______||   __|_____|__|__||________||__|  |____|
          |__| W I R E L E S S   F R E E D O M
 -----------------------------------------------------


root@YunGmacario:~#
</code></pre>
<p>Now execute the sysupgrade command:</p>
<pre><code># run-sysupgrade /mnt/sda1/openwrt-ar71xx-generic-yun-16M-squashfs-sysupgrade.bin
</code></pre>
<p>Result:</p>
<pre><code>root@YunGmacario:~# run-sysupgrade /mnt/sda1/openwrt-ar71xx-generic-yun-16M-squashfs-sysupgrade.bin
Sending TERM to remaining processes ... uhttpd dbus-daemon dnsmasq thd ntpd uSDaemon sleep syslogd klogd hotplug2 ubusd netifd
Sending KILL to remaining processes ... uhttpd
Switching to ramdisk...
Performing system upgrade...
Unlocking firmware ...

Writing from &lt;stdin&gt; to firmware ...
Upgrade completed
Rebooting system...
</code></pre>
<p>The Yun will be rebooted with factory settings, so connect
to WiFi network <code>Arduino Yun-xxxxxxxxxxxx</code>, then browse
<a href="http://arduino.local/">http://arduino.local/</a> to configure it again.</p>
<h4 id="boot-log-after-upgrading-yun">Boot log after upgrading Yun</h4>
<pre><code>Speed set to 250000


U-Boot 1.1.4-dirty (Apr 10 2014 - 15:12:15)

Arduino Yun (ar9331) U-boot

DRAM:  64 MB
Top of RAM usable for U-Boot at: 84000000
Reserving 142k for U-Boot at: 83fdc000
Reserving 192k for malloc() at: 83fac000
Reserving 44 Bytes for Board Info at: 83fabfd4
Reserving 36 Bytes for Global Data at: 83fabfb0
Reserving 128k for boot params() at: 83f8bfb0
Stack Pointer at: 83f8bf98
Now running in RAM - U-Boot at: 83fdc000
Flash Manuf Id 0xef, DeviceId0 0x40, DeviceId1 0x18
flash size 16777216, sector count = 256
Flash: 16 MB
Using default environment

In:    serial
Out:   serial
Err:   serial
Net:   ag7240_enet_initialize...
No valid address in Flash. Using fixed address
No valid address in Flash. Using fixed address
: cfg1 0x5 cfg2 0x7114
eth0: 00:03:7f:09:0b:ad
eth0 up
: cfg1 0xf cfg2 0x7214
eth1: 00:03:7f:09:0b:ad
athrs26_reg_init_lan
ATHRS26: resetting s26
ATHRS26: s26 reset done
eth1 up
eth0, eth1
Hit any key to stop autoboot:  4  3  2  1  0
## Booting image at 9fea0000 ...
   Image Name:   MIPS OpenWrt Linux-3.3.8
   Created:      2014-11-14   8:00:46 UTC
   Image Type:   MIPS Linux Kernel Image (lzma compressed)
   Data Size:    1185448 Bytes =  1.1 MB
   Load Address: 80060000
   Entry Point:  80060000
   Verifying Checksum at 0x9fea0040 ...OK
   Uncompressing Kernel Image ... OK
No initrd
## Transferring control to Linux (at address 80060000) ...
## Giving linux memsize in bytes, 67108864

Starting kernel ...

[    0.000000] Linux version 3.3.8 (jenkins@jenkins) (gcc version 4.6.3 20120201 (prerelease) (Linaro GCC 4.6-2012.02) ) #1 Fri Nov 14 08:57:34 CET 2014
[    0.000000] bootconsole [early0] enabled
[    0.000000] CPU revision is: 00019374 (MIPS 24Kc)
[    0.000000] SoC: Atheros AR9330 rev 1
[    0.000000] Clocks: CPU:400.000MHz, DDR:400.000MHz, AHB:200.000MHz, Ref:25.000MHz
[    0.000000] Determined physical RAM map:
[    0.000000]  memory: 04000000 @ 00000000 (usable)
[    0.000000] Initrd not found or empty - disabling initrd
[    0.000000] Zone PFN ranges:
[    0.000000]   Normal   0x00000000 -&gt; 0x00004000
[    0.000000] Movable zone start PFN for each node
[    0.000000] Early memory PFN ranges
[    0.000000]     0: 0x00000000 -&gt; 0x00004000
[    0.000000] Built 1 zonelists in Zone order, mobility grouping on.  Total pages: 16256
[    0.000000] Kernel command line:  board=Yun console=ttyATH0,250000 mtdparts=spi0.0:256k(u-boot)ro,64k(u-boot-env)ro,14656k(rootfs),1280k(kernel),64k(nvram),64k(art),15936k@0x50000(firmware) rootfstype=squashfs,jffs2 noinitrd
[    0.000000] PID hash table entries: 256 (order: -2, 1024 bytes)
[    0.000000] Dentry cache hash table entries: 8192 (order: 3, 32768 bytes)
[    0.000000] Inode-cache hash table entries: 4096 (order: 2, 16384 bytes)
[    0.000000] Primary instruction cache 64kB, VIPT, 4-way, linesize 32 bytes.
[    0.000000] Primary data cache 32kB, 4-way, VIPT, cache aliases, linesize 32 bytes
[    0.000000] Writing ErrCtl register=00000000
[    0.000000] Readback ErrCtl register=00000000
[    0.000000] Memory: 60936k/65536k available (2565k kernel code, 4600k reserved, 650k data, 180k init, 0k highmem)
[    0.000000] SLUB: Genslabs=9, HWalign=32, Order=0-3, MinObjects=0, CPUs=1, Nodes=1
[    0.000000] NR_IRQS:51
[    0.000000] Calibrating delay loop... 265.42 BogoMIPS (lpj=1327104)
[    0.080000] pid_max: default: 32768 minimum: 301
[    0.080000] Mount-cache hash table entries: 512
[    0.080000] NET: Registered protocol family 16
[    0.090000] gpiochip_add: registered GPIOs 0 to 29 on device: ath79
[    0.090000] MIPS: machine is Arduino Yun
[    0.530000] Setting DogStick2 GPIO
[    0.550000] bio: create slab &lt;bio-0&gt; at 0
[    0.550000] SCSI subsystem initialized
[    0.560000] usbcore: registered new interface driver usbfs
[    0.560000] usbcore: registered new interface driver hub
[    0.560000] usbcore: registered new device driver usb
[    0.570000] Switching to clocksource MIPS
[    0.570000] NET: Registered protocol family 2
[    0.570000] IP route cache hash table entries: 1024 (order: 0, 4096 bytes)
[    0.580000] TCP established hash table entries: 2048 (order: 2, 16384 bytes)
[    0.580000] TCP bind hash table entries: 2048 (order: 1, 8192 bytes)
[    0.580000] TCP: Hash tables configured (established 2048 bind 2048)
[    0.580000] TCP reno registered
[    0.580000] UDP hash table entries: 256 (order: 0, 4096 bytes)
[    0.590000] UDP-Lite hash table entries: 256 (order: 0, 4096 bytes)
[    0.590000] NET: Registered protocol family 1
[    0.610000] squashfs: version 4.0 (2009/01/31) Phillip Lougher
[    0.610000] JFFS2 version 2.2 (NAND) (SUMMARY) (LZMA) (RTIME) (CMODE_PRIORITY) (c) 2001-2006 Red Hat, Inc.
[    0.620000] msgmni has been set to 119
[    0.620000] Block layer SCSI generic (bsg) driver version 0.4 loaded (major 254)
[    0.620000] io scheduler noop registered
[    0.630000] io scheduler deadline registered (default)
[    0.630000] Serial: 8250/16550 driver, 16 ports, IRQ sharing enabled
[    0.640000] ar933x-uart: ttyATH0 at MMIO 0x18020000 (irq = 11) i{ a AR933X UART
[    0.640000] console [ttyATH0] enabled, bootconsole disabled
[    0.640000] console [ttyATH0] enabled, bootconsole disabled
[    0.650000] m25p80 spi0.0: found w25q128, expected m25p80
[    0.650000] m25p80 spi0.0: w25q128 (16384 Kbytes)
[    0.650000] 7 cmdlinepart partitions found on MTD device spi0.0
[    0.660000] Creating 7 MTD partitions on &quot;spi0.0&quot;:
[    0.660000] 0x000000000000-0x000000040000 : &quot;u-boot&quot;
[    0.660000] 0x000000040000-0x000000050000 : &quot;u-boot-env&quot;
[    0.670000] 0x000000050000-0x000000ea0000 : &quot;rootfs&quot;
[    0.670000] mtd: partition &quot;rootfs&quot; set to be root filesystem
[    0.670000] mtd: partition &quot;rootfs_data&quot; created automatically, ofs=7B0000, len=6F0000
[    0.680000] 0x0000007b0000-0x000000ea0000 : &quot;rootfs_data&quot;
[    0.680000] 0x000000ea0000-0x000000fe0000 : &quot;kernel&quot;
[    0.680000] 0x000000fe0000-0x000000ff0000 : &quot;nvram&quot;
[    0.690000] 0x000000ff0000-0x000001000000 : &quot;art&quot;
[    0.690000] 0x000000050000-0x000000fe0000 : &quot;firmware&quot;
[    0.710000] ag71xx_mdio: probed
[    0.720000] eth0: Atheros AG71xx at 0xba000000, irq 5
[    1.270000] eth0: Found an AR7240/AR9330 built-in switch
[    2.300000] eth1: Atheros AG71xx at 0xb9000000, irq 4
[    2.850000] ag71xx ag71xx.0: eth1: connected to PHY at ag71xx-mdio.1:04 [uid=004dd041, driver=Generic PHY]
[    2.850000] ehci_hcd: USB 2.0 &#39;Enhanced&#39; Host Controller (EHCI) Driver
[    2.850000] ehci-platform ehci-platform: Generic Platform EHCI Controller
[    2.860000] ehci-platform ehci-platform: new USB bus registered, assigned bus number 1
[    2.890000] ehci-platform ehci-platform: irq 3, io mem 0x1b000000
[    2.910000] ehci-platform ehci-platform: USB 2.0 started, EHCI 1.00
[    2.910000] usb usb1: New USB device found, idVendor=1d6b, idProduct=0002
[    2.910000] usb usb1: New USB device strings: Mfr=3, Product=2, SerialNumber=1
[    2.910000] usb usb1: Product: Generic Platform EHCI Controller
[    2.920000] usb usb1: Manufacturer: Linux 3.3.8 ehci_hcd
[    2.920000] usb usb1: SerialNumber: ehci-platform
[    2.920000] hub 1-0:1.0: USB hub found
[    2.920000] hub 1-0:1.0: 1 port detected
[    2.930000] Initializing USB Mass Storage driver...
[    2.930000] usbcore: registered new interface driver usb-storage
[    2.930000] USB Mass Storage support registered.
[    2.930000] input: gpio-keys-polled as /devices/platform/gpio-keys-polled/input/input0
[    2.940000] sdhci: Secure Digital Host Controller Interface driver
[    2.940000] sdhci: Copyright(c) Pierre Ossman
[    2.940000] usbcore: registered new interface driver ushc
[    2.940000] TCP cubic registered
[    2.950000] NET: Registered protocol family 17
[    2.950000] Bridge firewalling registered
[    2.950000] 8021q: 802.1Q VLAN Support v1.8
[    2.960000] VFS: Mounted root (squashfs filesystem) readonly on device 31:2.
[    2.960000] Freeing unused kernel memory: 180k freed
[    3.260000] usb 1-1: new high-speed USB device number 2 using ehci-platform
[    3.460000] usb 1-1: New USB device found, idVendor=058f, idProduct=6254
[    3.460000] usb 1-1: New USB device strings: Mfr=0, Product=1, SerialNumber=0
[    3.470000] usb 1-1: Product: USB2.0Hub
[    3.550000] hub 1-1:1.0: USB hub found
[    3.550000] hub 1-1:1.0: 4 ports detected
[    3.990000] usb 1-1.4: new high-speed USB device number 3 using ehci-platform
[    4.150000] usb 1-1.4: New USB device found, idVendor=058f, idProduct=6366
[    4.150000] usb 1-1.4: New USB device strings: Mfr=1, Product=2, SerialNumber=3
[    4.160000] usb 1-1.4: Product: Mass Storage Device
[    4.160000] usb 1-1.4: Manufacturer: Generic
[    4.160000] usb 1-1.4: SerialNumber: 058F0O1111B1
[    4.200000] scsi0 : usb-storage 1-1.4:1.0
[    4.990000] Error: Driver &#39;gpio-keys-polled&#39; is already registered, aborting...
[    5.240000] scsi 0:0:0:0: Direct-Access     Multi    Flash Reader     1.00 PQ: 0 ANSI: 0
- preinit -
Press the [f] key and hit [enter] to enter failsafe mode
- regular preinit -
[    9.540000] JFFS2 notice: (526) jffs2_build_xattr_subsystem: complete building xattr subsystem, 1 of xdatum (0 unchecked, 0 orphan) and 13 of xref (0 dead, 2 orphan) found.
[   11.310000] sd 0:0:0:0: [sda] 31116288 512-byte logical blocks: (15.9 GB/14.8 GiB)
[   11.310000] sd 0:0:0:0: [sda] Write Protect is off
[   11.310000] sd 0:0:0:0: [sda] No Caching mode page present
[   11.320000] sd 0:0:0:0: [sda] Assuming drive cache: write through
[   11.320000] sd 0:0:0:0: [sda] No Caching mode page present
[   11.330000] sd 0:0:0:0: [sda] Assuming drive cache: write through
[   11.340000]  sda: sda1
[   11.350000] sd 0:0:0:0: [sda] No Caching mode page present
[   11.350000] sd 0:0:0:0: [sda] Assuming drive cache: write through
[   11.350000] sd 0:0:0:0: [sda] Attached SCSI removable disk
switching to jffs2
- init -

Please press Enter to activate this console. [   38.700000] Loading modules backported from Linux version master-2014-05-22-0-gf2032ea
[   38.700000] Backport generated by backports.git backports-20140320-37-g5c33da0
[   38.870000] cfg80211: Calling CRDA to update world regulatory domain
[   38.880000] cfg80211: World regulatory domain updated:
[   38.880000] cfg80211:  DFS Master region: unset
[   38.880000] cfg80211:   (start_freq - end_freq @ bandwidth), (max_antenna_gain, max_eirp), (dfs_cac_time)
[   38.890000] cfg80211:   (2402000 KHz - 2472000 KHz @ 40000 KHz), (N/A, 2000 mBm), (N/A)
[   38.890000] cfg80211:   (2457000 KHz - 2482000 KHz @ 40000 KHz), (N/A, 2000 mBm), (N/A)
[   38.890000] cfg80211:   (2474000 KHz - 2494000 KHz @ 20000 KHz), (N/A, 2000 mBm), (N/A)
[   38.900000] cfg80211:   (5170000 KHz - 5250000 KHz @ 80000 KHz), (N/A, 2000 mBm), (N/A)
[   38.900000] cfg80211:   (5735000 KHz - 5835000 KHz @ 80000 KHz), (N/A, 2000 mBm), (N/A)
[   38.900000] cfg80211:   (57240000 KHz - 63720000 KHz @ 2160000 KHz), (N/A, 0 mBm), (N/A)
[   39.860000] ieee80211 phy0: Atheros AR9330 Rev:1 mem=0xb8100000, irq=2
[   39.870000] cfg80211: Calling CRDA for country: US
[   39.870000] cfg80211: Regulatory domain changed to country: US
[   39.870000] cfg80211:  DFS Master region: FCC
[   39.880000] cfg80211:   (start_freq - end_freq @ bandwidth), (max_antenna_gain, max_eirp), (dfs_cac_time)
[   39.880000] cfg80211:   (2402000 KHz - 2472000 KHz @ 40000 KHz), (N/A, 3000 mBm), (N/A)
[   39.880000] cfg80211:   (5170000 KHz - 5250000 KHz @ 80000 KHz), (N/A, 1700 mBm), (N/A)
[   39.890000] cfg80211:   (5250000 KHz - 5330000 KHz @ 80000 KHz), (N/A, 2300 mBm), (0 s)
[   39.890000] cfg80211:   (5735000 KHz - 5835000 KHz @ 80000 KHz), (N/A, 3000 mBm), (N/A)
[   39.890000] cfg80211:   (57240000 KHz - 63720000 KHz @ 2160000 KHz), (N/A, 4000 mBm), (N/A)
[   40.320000] NTFS driver 2.1.30 [Flags: R/O MODULE].
[   40.360000] Error: Driver &#39;gpio-keys-polled&#39; is already registered, aborting...
[   40.380000] loop: module loaded
[   40.520000] PPP generic driver version 2.4.2
[   40.570000] ip_tables: (C) 2000-2006 Netfilter Core Team
[   40.690000] NET: Registered protocol family 24
[   40.730000] nf_conntrack version 0.5.0 (954 buckets, 3816 max)
[   41.170000] i2c /dev entries driver
[   41.210000] Linux video capture interface: v2.00
[   41.330000] fuse init (API version 7.18)
</code></pre>
<p>After sysupgrade, this Yun runs a version of OpenWrt-Yun built on Nov 14, 2014</p>
<!-- markdown-link-check-enable -->
<!-- EOF -->
</div></article></div><footer class="h-auto mt-20 bg-gray-100 justify-between border-t border-gray-200"><div class="pt-6 mx-auto  gap-x-6 w-9/12 flex flex-col prose prose-indigo hover:prose-black md:prose-lg lg:prose-xl"><div class="prose-xl"><p class="">gmacario.github.io</p></div><div class="flex flex-col sm:flex-row flex-wrap justify-between md:justify-start"><p class="mr-12 text-gray-600 prose-sm">gmacario.github.io</p><div class="mr-12 flex flex-col justify-start"><p class="text-gray-600 prose-sm flex flex-row"><svg class="MuiSvgIcon-root mr-2" focusable="false" viewBox="0 0 24 24" aria-hidden="true"><path d="M12 .3a12 12 0 0 0-3.8 23.4c.6.1.8-.3.8-.6v-2c-3.3.7-4-1.6-4-1.6-.6-1.4-1.4-1.8-1.4-1.8-1-.7.1-.7.1-.7 1.2 0 1.9 1.2 1.9 1.2 1 1.8 2.8 1.3 3.5 1 0-.8.4-1.3.7-1.6-2.7-.3-5.5-1.3-5.5-6 0-1.2.5-2.3 1.3-3.1-.2-.4-.6-1.6 0-3.2 0 0 1-.3 3.4 1.2a11.5 11.5 0 0 1 6 0c2.3-1.5 3.3-1.2 3.3-1.2.6 1.6.2 2.8 0 3.2.9.8 1.3 1.9 1.3 3.2 0 4.6-2.8 5.6-5.5 5.9.5.4.9 1 .9 2.2v3.3c0 .3.1.7.8.6A12 12 0 0 0 12 .3"></path></svg><a href="https://github.com/gmacario">gmacario</a></p><p class="text-gray-600 prose-sm flex flex-row"><svg class="MuiSvgIcon-root mr-2" focusable="false" viewBox="0 0 24 24" aria-hidden="true"><path d="M22.46 6c-.77.35-1.6.58-2.46.69.88-.53 1.56-1.37 1.88-2.38-.83.5-1.75.85-2.72 1.05C18.37 4.5 17.26 4 16 4c-2.35 0-4.27 1.92-4.27 4.29 0 .34.04.67.11.98C8.28 9.09 5.11 7.38 3 4.79c-.37.63-.58 1.37-.58 2.15 0 1.49.75 2.81 1.91 3.56-.71 0-1.37-.2-1.95-.5v.03c0 2.08 1.48 3.82 3.44 4.21a4.22 4.22 0 0 1-1.93.07 4.28 4.28 0 0 0 4 2.98 8.521 8.521 0 0 1-5.33 1.84c-.34 0-.68-.02-1.02-.06C3.44 20.29 5.7 21 8.12 21 16 21 20.33 14.46 20.33 8.79c0-.19 0-.37-.01-.56.84-.6 1.56-1.36 2.14-2.23z"></path></svg><a href="https://www.twitter.com/gpmacario">gpmacario</a></p></div><p class="mr-12 text-gray-600 prose-sm">Gianpaolo Macario&#x27;s public rants</p></div></div></footer></main></div><script id="__NEXT_DATA__" type="application/json">{"props":{"pageProps":{"post":{"title":"Upgrading OpenWrt on my Arduino Yun","content":"\u003c!-- markdown-link-check-disable --\u003e\n\n\u003cp\u003eRead instructions at \u003ca href=\"http://arduino.cc/en/Tutorial/YunSysupgrade\"\u003ehttp://arduino.cc/en/Tutorial/YunSysupgrade\u003c/a\u003e\u003c/p\u003e\n\u003ch3 id=\"required-material\"\u003eRequired material\u003c/h3\u003e\n\u003cul\u003e\n\u003cli\u003eArduino Yun\u003c/li\u003e\n\u003cli\u003eOne USB-to-microUSB cable\u003c/li\u003e\n\u003cli\u003eOne microSD card\u003c/li\u003e\n\u003cli\u003eOne laptop with Arduino IDE 1.6.0 or later\u003c/li\u003e\n\u003cli\u003eInternet connectivity to download the Yun Sysupgrade image\u003c/li\u003e\n\u003cli\u003eA microSD card reader to plug into your laptop\u003c/li\u003e\n\u003c/ul\u003e\n\u003ch3 id=\"preparation\"\u003ePreparation\u003c/h3\u003e\n\u003cul\u003e\n\u003cli\u003e\u003cp\u003eInsert the microSD card into the SD-card reader of the laptop. Format it to FAT32 if it was unformatted.\u003c/p\u003e\n\u003c/li\u003e\n\u003cli\u003e\u003cp\u003eDownload the OpenWrt-Yun upgrade image from \u003ca href=\"http://arduino.cc/en/Main/Software\"\u003ehttp://arduino.cc/en/Main/Software\u003c/a\u003e\u003c/p\u003e\n\u003cul\u003e\n\u003cli\u003eSearch for \u0026quot;OPENWRT-YUN x.y.z UPGRADE IMAGE\u0026quot;\u003c/li\u003e\n\u003cli\u003eAs of 2015-03-28, this downloads \u003ccode\u003eYunSysupgradeImage_v1.5.3.zip\u003c/code\u003e\u003c/li\u003e\n\u003c/ul\u003e\n\u003c/li\u003e\n\u003cli\u003e\u003cp\u003eUnzip the file to the root directory of the microSD card\u003c/p\u003e\n\u003c/li\u003e\n\u003cli\u003e\u003cp\u003eInsert the microSD card into the Yun\u003c/p\u003e\n\u003c/li\u003e\n\u003cli\u003e\u003cp\u003eConnect the Yun to the laptop using a USB-to-MicroUSB cable\u003c/p\u003e\n\u003c/li\u003e\n\u003cli\u003e\u003cp\u003eLaunch Arduino IDE\u003c/p\u003e\n\u003c/li\u003e\n\u003cli\u003e\u003cp\u003eConfigure Arduino IDE\u003c/p\u003e\n\u003cul\u003e\n\u003cli\u003eTools \u0026gt; Board: Arduino Yun\u003c/li\u003e\n\u003cli\u003eTools \u0026gt; Port: COMxx (Arduino Yun)\u003c/li\u003e\n\u003c/ul\u003e\n\u003c/li\u003e\n\u003cli\u003e\u003cp\u003eOpen the \u003ca href=\"http://arduino.cc/en/Tutorial/YunSerialTerminal\"\u003e\u003ccode\u003eYunSerialTerminal\u003c/code\u003e\u003c/a\u003e sketch and upload it to the Yun:\u003c/p\u003e\n\u003cul\u003e\n\u003cli\u003eFile \u0026gt; Examples \u0026gt; Bridge \u0026gt; YunSerialTerminal\u003c/li\u003e\n\u003cli\u003eFile \u0026gt; Upload\u003c/li\u003e\n\u003c/ul\u003e\n\u003c/li\u003e\n\u003cli\u003e\u003cp\u003eOpen the Serial Monitor\u003c/p\u003e\n\u003cul\u003e\n\u003cli\u003eTools \u0026gt; Serial Monitor\u003c/li\u003e\n\u003c/ul\u003e\n\u003c/li\u003e\n\u003cli\u003e\u003cp\u003eIn the Serial Monitor, type \u003ccode\u003e~2\u003c/code\u003e then \u0026quot;Enter\u0026quot; to set speed to 250000 bit/s\u003c/p\u003e\n\u003c/li\u003e\n\u003cli\u003e\u003cp\u003ePress the \u0026quot;YUN RST\u0026quot; button on your Yun\u003c/p\u003e\n\u003c/li\u003e\n\u003cli\u003e\u003cp\u003eWatch the Serial Monitor for your Linux boot log\u003c/p\u003e\n\u003c/li\u003e\n\u003c/ul\u003e\n\u003ch4 id=\"boot-log-before-upgrading-yun\"\u003eBoot log before upgrading Yun\u003c/h4\u003e\n\u003cpre\u003e\u003ccode\u003eSpeed set to 250000\n\n\nU-Boot 1.1.4-dirty (Apr 10 2014 - 15:12:15)\n\nArduino Yun (ar9331) U-boot\n\nDRAM:  64 MB\nTop of RAM usable for U-Boot at: 84000000\nReserving 142k for U-Boot at: 83fdc000\nReserving 192k for malloc() at: 83fac000\nReserving 44 Bytes for Board Info at: 83fabfd4\nReserving 36 Bytes for Global Data at: 83fabfb0\nReserving 128k for boot params() at: 83f8bfb0\nStack Pointer at: 83f8bf98\nNow running in RAM - U-Boot at: 83fdc000\nFlash Manuf Id 0xef, DeviceId0 0x40, DeviceId1 0x18\nflash size 16777216, sector count = 256\nFlash: 16 MB\nUsing default environment\n\nIn:    serial\nOut:   serial\nErr:   serial\nNet:   ag7240_enet_initialize...\nNo valid address in Flash. Using fixed address\nNo valid address in Flash. Using fixed address\n: cfg1 0x5 cfg2 0x7114\neth0: 00:03:7f:09:0b:ad\neth0 up\n: cfg1 0xf cfg2 0x7214\neth1: 00:03:7f:09:0b:ad\nathrs26_reg_init_lan\nATHRS26: resetting s26\nATHRS26: s26 reset done\neth1 up\neth0, eth1\nHit any key to stop autoboot:  4 \b\b\b 3 \b\b\b 2 \b\b\b 1 \b\b\b 0\n## Booting image at 9fea0000 ...\n   Image Name:   MIPS OpenWrt Linux-3.3.8\n   Created:      2014-04-17   8:11:04 UTC\n   Image Type:   MIPS Linux Kernel Image (lzma compressed)\n   Data Size:    1185367 Bytes =  1.1 MB\n   Load Address: 80060000\n   Entry Point:  80060000\n   Verifying Checksum at 0x9fea0040 ...OK\n   Uncompressing Kernel Image ... OK\nNo initrd\n## Transferring control to Linux (at address 80060000) ...\n## Giving linux memsize in bytes, 67108864\n\nStarting kernel ...\n\n[    0.000000] Linux version 3.3.8 (jenkins@jenkins) (gcc version 4.6.3 20120201 (prerelease) (Linaro GCC 4.6-2012.02) ) #1 Fri Apr 11 07:16:38 CEST 2014\n[    0.000000] bootconsole [early0] enabled\n[    0.000000] CPU revision is: 00019374 (MIPS 24Kc)\n[    0.000000] SoC: Atheros AR9330 rev 1\n[    0.000000] Clocks: CPU:400.000MHz, DDR:400.000MHz, AHB:200.000MHz, Ref:25.000MHz\n[    0.000000] Determined physical RAM map:\n[    0.000000]  memory: 04000000 @ 00000000 (usable)\n[    0.000000] Initrd not found or empty - disabling initrd\n[    0.000000] Zone PFN ranges:\n[    0.000000]   Normal   0x00000000 -\u0026gt; 0x00004000\n[    0.000000] Movable zone start PFN for each node\n[    0.000000] Early memory PFN ranges\n[    0.000000]     0: 0x00000000 -\u0026gt; 0x00004000\n[    0.000000] Built 1 zonelists in Zone order, mobility grouping on.  Total pages: 16256\n[    0.000000] Kernel command line:  board=Yun console=ttyATH0,250000 mtdparts=spi0.0:256k(u-boot)ro,64k(u-boot-env)ro,14656k(rootfs),1280k(kernel),64k(nvram),64k(art),15936k@0x50000(firmware) rootfstype=squashfs,jffs2 noinitrd\n[    0.000000] PID hash table entries: 256 (order: -2, 1024 bytes)\n[    0.000000] Dentry cache hash table entries: 8192 (order: 3, 32768 bytes)\n[    0.000000] Inode-cache hash table entries: 4096 (order: 2, 16384 bytes)\n[    0.000000] Primary instruction cache 64kB, VIPT, 4-way, linesize 32 bytes.\n[    0.000000] Primary data cache 32kB, 4-way, VIPT, cache aliases, linesize 32 bytes\n[    0.000000] Writing ErrCtl register=00000000\n[    0.000000] Readback ErrCtl register=00000000\n[    0.000000] Memory: 60936k/65536k available (2565k kernel code, 4600k reserved, 650k data, 180k init, 0k highmem)\n[    0.000000] SLUB: Genslabs=9, HWalign=32, Order=0-3, MinObjects=0, CPUs=1, Nodes=1\n[    0.000000] NR_IRQS:51\n[    0.000000] Calibrating delay loop... 265.42 BogoMIPS (lpj=1327104)\n[    0.080000] pid_max: default: 32768 minimum: 301\n[    0.080000] Mount-cache hash table entries: 512\n[    0.080000] NET: Registered protocol family 16\n[    0.090000] gpiochip_add: registered GPIOs 0 to 29 on device: ath79\n[    0.090000] MIPS: machine is Arduino Yun\n[    0.530000] Setting DogStick2 GPIO\n[    0.550000] bio: create slab \u0026lt;bio-0\u0026gt; at 0\n[    0.550000] SCSI subsystem initialized\n[    0.560000] usbcore: registered new interface driver usbfs\n[    0.560000] usbcore: registered new interface driver hub\n[    0.560000] usbcore: registered new device driver usb\n[    0.570000] Switching to clocksource MIPS\n[    0.570000] NET: Registered protocol family 2\n[    0.570000] IP route cache hash table entries: 1024 (order: 0, 4096 bytes)\n[    0.580000] TCP established hash table entries: 2048 (order: 2, 16384 bytes)\n[    0.580000] TCP bind hash table entries: 2048 (order: 1, 8192 bytes)\n[    0.580000] TCP: Hash tables configured (established 2048 bind 2048)\n[    0.580000] TCP reno registered\n[    0.580000] UDP hash table entries: 256 (order: 0, 4096 bytes)\n[    0.590000] UDP-Lite hash table entries: 256 (order: 0, 4096 bytes)\n[    0.590000] NET: Registered protocol family 1\n[    0.610000] squashfs: version 4.0 (2009/01/31) Phillip Lougher\n[    0.610000] JFFS2 version 2.2 (NAND) (SUMMARY) (LZMA) (RTIME) (CMODE_PRIORITY) (c) 2001-2006 Red Hat, Inc.\n[    0.620000] msgmni has been set to 119\n[    0.620000] Block layer SCSI generic (bsg) driver version 0.4 loaded (major 254)\n[    0.620000] io scheduler noop registered\n[    0.630000] io scheduler deadline registered (default)\n[    0.630000] Serial: 8250/16550 driver, 16 ports, IRQ sharing enabled\n[    0.640000] ar933x-uart: ttyATH0 at MMIO 0x18020000 (irq = 11) i{ a AR933X UART\n[    0.640000] console [ttyATH0] enabled, bootconsole disabled\n[    0.640000] console [ttyATH0] enabled, bootconsole disabled\n[    0.650000] m25p80 spi0.0: found w25q128, expected m25p80\n[    0.650000] m25p80 spi0.0: w25q128 (16384 Kbytes)\n[    0.650000] 7 cmdlinepart partitions found on MTD device spi0.0\n[    0.660000] Creating 7 MTD partitions on \u0026quot;spi0.0\u0026quot;:\n[    0.660000] 0x000000000000-0x000000040000 : \u0026quot;u-boot\u0026quot;\n[    0.660000] 0x000000040000-0x000000050000 : \u0026quot;u-boot-env\u0026quot;\n[    0.670000] 0x000000050000-0x000000ea0000 : \u0026quot;rootfs\u0026quot;\n[    0.670000] mtd: partition \u0026quot;rootfs\u0026quot; set to be root filesystem\n[    0.670000] mtd: partition \u0026quot;rootfs_data\u0026quot; created automatically, ofs=7A0000, len=700000\n[    0.680000] 0x0000007a0000-0x000000ea0000 : \u0026quot;rootfs_data\u0026quot;\n[    0.680000] 0x000000ea0000-0x000000fe0000 : \u0026quot;kernel\u0026quot;\n[    0.680000] 0x000000fe0000-0x000000ff0000 : \u0026quot;nvram\u0026quot;\n[    0.690000] 0x000000ff0000-0x000001000000 : \u0026quot;art\u0026quot;\n[    0.690000] 0x000000050000-0x000000fe0000 : \u0026quot;firmware\u0026quot;\n[    0.710000] ag71xx_mdio: probed\n[    0.720000] eth0: Atheros AG71xx at 0xba000000, irq 5\n[    1.270000] eth0: Found an AR7240/AR9330 built-in switch\n[    2.300000] eth1: Atheros AG71xx at 0xb9000000, irq 4\n[    2.850000] ag71xx ag71xx.0: eth1: connected to PHY at ag71xx-mdio.1:04 [uid=004dd041, driver=Generic PHY]\n[    2.850000] ehci_hcd: USB 2.0 \u0026#39;Enhanced\u0026#39; Host Controller (EHCI) Driver\n[    2.850000] ehci-platform ehci-platform: Generic Platform EHCI Controller\n[    2.860000] ehci-platform ehci-platform: new USB bus registered, assigned bus number 1\n[    2.890000] ehci-platform ehci-platform: irq 3, io mem 0x1b000000\n[    2.910000] ehci-platform ehci-platform: USB 2.0 started, EHCI 1.00\n[    2.910000] usb usb1: New USB device found, idVendor=1d6b, idProduct=0002\n[    2.910000] usb usb1: New USB device strings: Mfr=3, Product=2, SerialNumber=1\n[    2.910000] usb usb1: Product: Generic Platform EHCI Controller\n[    2.920000] usb usb1: Manufacturer: Linux 3.3.8 ehci_hcd\n[    2.920000] usb usb1: SerialNumber: ehci-platform\n[    2.920000] hub 1-0:1.0: USB hub found\n[    2.920000] hub 1-0:1.0: 1 port detected\n[    2.930000] Initializing USB Mass Storage driver...\n[    2.930000] usbcore: registered new interface driver usb-storage\n[    2.930000] USB Mass Storage support registered.\n[    2.930000] input: gpio-keys-polled as /devices/platform/gpio-keys-polled/input/input0\n[    2.940000] sdhci: Secure Digital Host Controller Interface driver\n[    2.940000] sdhci: Copyright(c) Pierre Ossman\n[    2.940000] usbcore: registered new interface driver ushc\n[    2.940000] TCP cubic registered\n[    2.950000] NET: Registered protocol family 17\n[    2.950000] Bridge firewalling registered\n[    2.950000] 8021q: 802.1Q VLAN Support v1®8\n[    2.960000] VFS: Mounted root (squashfs filesystem) readonly on device 31:2.\n[    2.960000] Freeing unused kernel memory: 180k freed\n[    3.250000] usb 1-1: new high-speed USB device number 2 using ehci-platform\n[    3.460000] usb 1-1: New USB device found, idVendor=058f, idProduct=6254\n[    3.460000] usb 1-1: New USB device strings: Mfr=0, Product=1, SerialNumber=0\n[    3.470000] usb 1-1: Product: USB2.0Hub\n[    3.570000] hub 1-1:1.0: USB hub found\n[    3.570000] hub 1-1:1.0: 4 ports detected\n[    3.990000] usb 1-1.4: new high-speed USB device number 3 using ehci-platform\n[    4.200000] usb 1-1.4: New USB device found, idVendor=058f, idProduct=6366\n[    4.200000] usb 1-1.4: New USB device strings: Mfr=1, Product=2, SerialNumber=3\n[    4.200000] usb 1-1.4: Product: Mass Storage Device\n[    4.200000] usb 1-1.4: Manufacturer: Generic\n[    4.210000] usb 1-1.4: SerialNumber: 058F0O1111B1\n[    4.280000] scsi0 : usb-storage 1-1.4:1.0\n[    5.030000] Error: Driver \u0026#39;gpio-keys-polled\u0026#39; is already registered, aborting...\n[    5.280000] scsi 0:0:0:0: Direct-Access     Multi    Flash Reader     1.00 PQ: 0 ANSI: 0\n- preinit -\nPress the [f] key and hit [enter] to enter failsafe mode\n- regular preinit -\n[    9.580000] JFFS2 notice: (525) jffs2_build_xattr_subsystem: complete building xattr subsystem, 1 of xdatum (1 unchecked, 0 orphan) and 43 of xref (0 dead, 32 orphan) found.\n[   10.770000] sd 0:0:0:0: [sda] Attached SCSI removable disk\nswitching to jffs2\n- init -\n\nPlease press Enter to activate this console.
[   38.170000] Loading modules backported from Linux version master-2014-01-23-0-g62c147d\n[   38.180000] Backport generated by backports.git backports-20140124-0-g1256d3e\n[   38.210000] cfg80211: Calling CRDA to update world regulatory domain\n[   38.220000] cfg80211: World regulatory domain updated:\n[   38.220000] cfg80211:  DFS Master region: unset\n[   38.220000] cfg80211:   (start_freq - end_freq @ bandwidth), (max_antenna_gain, max_eirp)\n[   38.230000] cfg80211:   (2402000 KHz - 2472000 KHz @ 40000 KHz), (300 mBi, 2000 mBm)\n[   38.230000] cfg80211:   (2457000 KHz - 2482000 KHz @ 40000 KHz), (300 mBi, 2000 mBm)\n[   38.230000] cfg80211:   (2474000 KHz - 2494000 KHz @ 20000 KHz), (300 mBi, 2000 mBm)\n[   38.240000] cfg80211:   (5170000 KHz - 5250000 KHz @ 80000 KHz), (300 mBi, 2000 mBm)\n[   38.240000] cfg80211:   (5735000 KHz - 5835000 KHz @ 80000 KHz), (300 mBi, 2000 mBm)\n[   38.240000] cfg80211:   (57240000 KHz - 63720000 KHz @ 2160000 KHz), (N/A, 0 mBm)\n[   39.210000] ieee80211 phy0: Atheros AR9330 Rev:1 mem=0xb8100000, irq=2\n[   39.210000] cfg80211: Calling CRDA for country: US\n[   39.220000] cfg80211: Regulatory domain changed to country: US\n[   39.220000] cfg80211:  DFS Master region: FCC\n[   39.220000] cfg80211:   (start_freq - end_freq @ bandwidth), (max_antenna_gain, max_eirp)\n[   39.220000] cfg80211:   (2402000 KHz - 2472000 KHz @ 40000 KHz), (300 mBi, 2700 mBm)\n[   39.230000] cfg80211:   (5170000 KHz - 5250000 KHz @ 80000 KHz), (300 mBi, 1700 mBm)\n[   39.230000] cfg80211:   (5250000 KHz - 5330000 KHz @ 80000 KHz), (300 mBi, 2400 mBm)\n[   39.240000] cfg80211:   (5490000 KHz - 5600000 KHz @ 80000 KHz), (300 mBi, 2400 mBm)\n[   39.240000] cfg80211:   (5650000 KHz - 5710000 KHz @ 40000 KHz), (300 mBi, 2400 mBm)\n[   39.240000] cfg80211:   (5735000 KHz - 5835000 KHz @ 80000 KHz), (300 mBi, 3000 mBm)\n[   39.250000] cfg80211:   (57240000 KHz - 63720000 KHz @ 2160000 KHz), (N/A, 4000 mBm)\n[   39.660000] NTFS driver 2.1.30 [Flags: R/O MODULE].\n[   39.700000] Error: Driver \u0026#39;gpio-keys-polled\u0026#39; is already registered, aborting...\n[   39.740000] loop: module loaded\n[   39.870000] PPP generic driver version 2.4.2\n[   39.930000] ip_tables: (C) 2000-2006 Netfilter Core Team\n[   40.050000] NET: Registered protocol family 24\n[   40.080000] nf_conntrack version 0.5.0 (954 buckets, 3816 max)\n[   40.520000] i2c /dev entries driver\n[   40.560000] Linux video capture interface: v2.00\n[   40.680000] fuse init (API version 7.18)\n[   50.260000] cfg80211: Calling CRDA for country: IT\n[   50.260000] cfg80211: Regulatory domain changed to country: IT\n[   50.260000] cfg80211:  DFS Master region: ETSI\n[   50.260000] cfg80211:   (start_freq - end_freq @ bandwidth), (max_antenna_gain, max_eirp)\n[   50.270000] cfg80211:   (2402000 KHz - 2482000 KHz @ 40000 KHz), (N/A, 2000 mBm)\n[   50.270000] cfg80211:   (5170000 KHz - 5250000 KHz @ 80000 KHz), (N/A, 2000 mBm)\n[   50.270000] cfg80211:   (5250000 KHz - 5330000 KHz @ 80000 KHz), (N/A, 2000 mBm)\n[   50.280000] cfg80211:   (5490000 KHz - 5710000 KHz @ 80000 KHz), (N/A, 2700 mBm)\n[   50.280000] cfg80211:   (57240000 KHz - 65880000 KHz @ 2160000 KHz), (N/A, 4000 mBm)\n[   53.680000] wlan0: authenticate with 00:22:6b:6e:3a:43\n[   53.690000] wlan0: send auth to 00:22:6b:6e:3a:43 (try 1/3)\n[   53.690000] wlan0: authenticated\n[   53.710000] ath9k ar933x_wmac: wlan0: disabling HT/VHT due to WEP/TKIP use\n[   53.710000] ath9k ar933x_wmac: wlan0: disabling HT as WMM/QoS is not supported by the AP\n[   53.710000] ath9k ar933x_wmac: wlan0: disabling VHT as WMM/QoS is not supported by the AP\n[   53.730000] wlan0: associate with 00:22:6b:6e:3a:43 (try 1/3)\n[   53.830000] wlan0: RX AssocResp from 00:22:6b:6e:3a:43 (capab=0x411 status=0 aid=8)\n[   53.840000] wlan0: associated\n\u003c/code\u003e\u003c/pre\u003e\n\u003ch3 id=\"upgrading-using-the-terminal\"\u003eUpgrading using the terminal\u003c/h3\u003e\n\u003cp\u003essh \u003ca href=\"mailto:\u0026#x72;\u0026#x6f;\u0026#x6f;\u0026#x74;\u0026#64;\u0026#89;\u0026#x75;\u0026#110;\u0026#x47;\u0026#109;\u0026#x61;\u0026#x63;\u0026#97;\u0026#x72;\u0026#x69;\u0026#x6f;\u0026#x2e;\u0026#x6c;\u0026#111;\u0026#x63;\u0026#x61;\u0026#x6c;\"\u003e\u0026#x72;\u0026#x6f;\u0026#x6f;\u0026#x74;\u0026#64;\u0026#89;\u0026#x75;\u0026#110;\u0026#x47;\u0026#109;\u0026#x61;\u0026#x63;\u0026#97;\u0026#x72;\u0026#x69;\u0026#x6f;\u0026#x2e;\u0026#x6c;\u0026#111;\u0026#x63;\u0026#x61;\u0026#x6c;\u003c/a\u003e\u003c/p\u003e\n\u003cpre\u003e\u003ccode\u003egmacario@ITM-GMACARIO-W7 ~\n$ ssh root@YunGmacario.local\nroot@yungmacario.local\u0026#39;s password:\n\n\nBusyBox v1.19.4 (2014-04-10 11:08:41 CEST) built-in shell (ash)\nEnter \u0026#39;help\u0026#39; for a list of built-in commands.\n\n  _______                     ________        __\n |       |.-----.-----.-----.|  |  |  |.----.|  |_\n |   -   ||  _  |  -__|     ||  |  |  ||   _||   _|\n |_______||   __|_____|__|__||________||__|  |____|\n          |__| W I R E L E S S   F R E E D O M\n -----------------------------------------------------\n\n\nroot@YunGmacario:~#\n\u003c/code\u003e\u003c/pre\u003e\n\u003cp\u003eNow execute the sysupgrade command:\u003c/p\u003e\n\u003cpre\u003e\u003ccode\u003e# run-sysupgrade /mnt/sda1/openwrt-ar71xx-generic-yun-16M-squashfs-sysupgrade.bin\n\u003c/code\u003e\u003c/pre\u003e\n\u003cp\u003eResult:\u003c/p\u003e\n\u003cpre\u003e\u003ccode\u003eroot@YunGmacario:~# run-sysupgrade /mnt/sda1/openwrt-ar71xx-generic-yun-16M-squashfs-sysupgrade.bin\nSending TERM to remaining processes ... uhttpd dbus-daemon dnsmasq thd ntpd uSDaemon sleep syslogd klogd hotplug2 ubusd netifd\nSending KILL to remaining processes ... uhttpd\nSwitching to ramdisk...\nPerforming system upgrade...\nUnlocking firmware ...\n\nWriting from \u0026lt;stdin\u0026gt; to firmware ...\nUpgrade completed\nRebooting system...\n\u003c/code\u003e\u003c/pre\u003e\n\u003cp\u003eThe Yun will be rebooted with factory settings, so connect\nto WiFi network \u003ccode\u003eArduino Yun-xxxxxxxxxxxx\u003c/code\u003e, then browse\n\u003ca href=\"http://arduino.local/\"\u003ehttp://arduino.local/\u003c/a\u003e to configure it again.\u003c/p\u003e\n\u003ch4 id=\"boot-log-after-upgrading-yun\"\u003eBoot log after upgrading Yun\u003c/h4\u003e\n\u003cpre\u003e\u003ccode\u003eSpeed set to 250000\n\n\nU-Boot 1.1.4-dirty (Apr 10 2014 - 15:12:15)\n\nArduino Yun (ar9331) U-boot\n\nDRAM:  64 MB\nTop of RAM usable for U-Boot at: 84000000\nReserving 142k for U-Boot at: 83fdc000\nReserving 192k for malloc() at: 83fac000\nReserving 44 Bytes for Board Info at: 83fabfd4\nReserving 36 Bytes for Global Data at: 83fabfb0\nReserving 128k for boot params() at: 83f8bfb0\nStack Pointer at: 83f8bf98\nNow running in RAM - U-Boot at: 83fdc000\nFlash Manuf Id 0xef, DeviceId0 0x40, DeviceId1 0x18\nflash size 16777216, sector count = 256\nFlash: 16 MB\nUsing default environment\n\nIn:    serial\nOut:   serial\nErr:   serial\nNet:   ag7240_enet_initialize...\nNo valid address in Flash. Using fixed address\nNo valid address in Flash. Using fixed address\n: cfg1 0x5 cfg2 0x7114\neth0: 00:03:7f:09:0b:ad\neth0 up\n: cfg1 0xf cfg2 0x7214\neth1: 00:03:7f:09:0b:ad\nathrs26_reg_init_lan\nATHRS26: resetting s26\nATHRS26: s26 reset done\neth1 up\neth0, eth1\nHit any key to stop autoboot:  4 \b\b\b 3 \b\b\b 2 \b\b\b 1 \b\b\b 0\n## Booting image at 9fea0000 ...\n   Image Name:   MIPS OpenWrt Linux-3.3.8\n   Created:      2014-11-14   8:00:46 UTC\n   Image Type:   MIPS Linux Kernel Image (lzma compressed)\n   Data Size:    1185448 Bytes =  1.1 MB\n   Load Address: 80060000\n   Entry Point:  80060000\n   Verifying Checksum at 0x9fea0040 ...OK\n   Uncompressing Kernel Image ... OK\nNo initrd\n## Transferring control to Linux (at address 80060000) ...\n## Giving linux memsize in bytes, 67108864\n\nStarting kernel ...\n\n[    0.000000] Linux version 3.3.8 (jenkins@jenkins) (gcc version 4.6.3 20120201 (prerelease) (Linaro GCC 4.6-2012.02) ) #1 Fri Nov 14 08:57:34 CET 2014\n[    0.000000] bootconsole [early0] enabled\n[    0.000000] CPU revision is: 00019374 (MIPS 24Kc)\n[    0.000000] SoC: Atheros AR9330 rev 1\n[    0.000000] Clocks: CPU:400.000MHz, DDR:400.000MHz, AHB:200.000MHz, Ref:25.000MHz\n[    0.000000] Determined physical RAM map:\n[    0.000000]  memory: 04000000 @ 00000000 (usable)\n[    0.000000] Initrd not found or empty - disabling initrd\n[    0.000000] Zone PFN ranges:\n[    0.000000]   Normal   0x00000000 -\u0026gt; 0x00004000\n[    0.000000] Movable zone start PFN for each node\n[    0.000000] Early memory PFN ranges\n[    0.000000]     0: 0x00000000 -\u0026gt; 0x00004000\n[    0.000000] Built 1 zonelists in Zone order, mobility grouping on.  Total pages: 16256\n[    0.000000] Kernel command line:  board=Yun console=ttyATH0,250000 mtdparts=spi0.0:256k(u-boot)ro,64k(u-boot-env)ro,14656k(rootfs),1280k(kernel),64k(nvram),64k(art),15936k@0x50000(firmware) rootfstype=squashfs,jffs2 noinitrd\n[    0.000000] PID hash table entries: 256 (order: -2, 1024 bytes)\n[    0.000000] Dentry cache hash table entries: 8192 (order: 3, 32768 bytes)\n[    0.000000] Inode-cache hash table entries: 4096 (order: 2, 16384 bytes)\n[    0.000000] Primary instruction cache 64kB, VIPT, 4-way, linesize 32 bytes.\n[    0.000000] Primary data cache 32kB, 4-way, VIPT, cache aliases, linesize 32 bytes\n[    0.000000] Writing ErrCtl register=00000000\n[    0.000000] Readback ErrCtl register=00000000\n[    0.000000] Memory: 60936k/65536k available (2565k kernel code, 4600k reserved, 650k data, 180k init, 0k highmem)\n[    0.000000] SLUB: Genslabs=9, HWalign=32, Order=0-3, MinObjects=0, CPUs=1, Nodes=1\n[    0.000000] NR_IRQS:51\n[    0.000000] Calibrating delay loop... 265.42 BogoMIPS (lpj=1327104)\n[    0.080000] pid_max: default: 32768 minimum: 301\n[    0.080000] Mount-cache hash table entries: 512\n[    0.080000] NET: Registered protocol family 16\n[    0.090000] gpiochip_add: registered GPIOs 0 to 29 on device: ath79\n[    0.090000] MIPS: machine is Arduino Yun\n[    0.530000] Setting DogStick2 GPIO\n[    0.550000] bio: create slab \u0026lt;bio-0\u0026gt; at 0\n[    0.550000] SCSI subsystem initialized\n[    0.560000] usbcore: registered new interface driver usbfs\n[    0.560000] usbcore: registered new interface driver hub\n[    0.560000] usbcore: registered new device driver usb\n[    0.570000] Switching to clocksource MIPS\n[    0.570000] NET: Registered protocol family 2\n[    0.570000] IP route cache hash table entries: 1024 (order: 0, 4096 bytes)\n[    0.580000] TCP established hash table entries: 2048 (order: 2, 16384 bytes)\n[    0.580000] TCP bind hash table entries: 2048 (order: 1, 8192 bytes)\n[    0.580000] TCP: Hash tables configured (established 2048 bind 2048)\n[    0.580000] TCP reno registered\n[    0.580000] UDP hash table entries: 256 (order: 0, 4096 bytes)\n[    0.590000] UDP-Lite hash table entries: 256 (order: 0, 4096 bytes)\n[    0.590000] NET: Registered protocol family 1\n[    0.610000] squashfs: version 4.0 (2009/01/31) Phillip Lougher\n[    0.610000] JFFS2 version 2.2 (NAND) (SUMMARY) (LZMA) (RTIME) (CMODE_PRIORITY) (c) 2001-2006 Red Hat, Inc.\n[    0.620000] msgmni has been set to 119\n[    0.620000] Block layer SCSI generic (bsg) driver version 0.4 loaded (major 254)\n[    0.620000] io scheduler noop registered\n[    0.630000] io scheduler deadline registered (default)\n[    0.630000] Serial: 8250/16550 driver, 16 ports, IRQ sharing enabled\n[    0.640000] ar933x-uart: ttyATH0 at MMIO 0x18020000 (irq = 11) i{ a AR933X UART\n[    0.640000] console [ttyATH0] enabled, bootconsole disabled\n[    0.640000] console [ttyATH0] enabled, bootconsole disabled\n[    0.650000] m25p80 spi0.0: found w25q128, expected m25p80\n[    0.650000] m25p80 spi0.0: w25q128 (16384 Kbytes)\n[    0.650000] 7 cmdlinepart partitions found on MTD device spi0.0\n[    0.660000] Creating 7 MTD partitions on \u0026quot;spi0.0\u0026quot;:\n[    0.660000] 0x000000000000-0x000000040000 : \u0026quot;u-boot\u0026quot;\n[    0.660000] 0x000000040000-0x000000050000 : \u0026quot;u-boot-env\u0026quot;\n[    0.670000] 0x000000050000-0x000000ea0000 : \u0026quot;rootfs\u0026quot;\n[    0.670000] mtd: partition \u0026quot;rootfs\u0026quot; set to be root filesystem\n[    0.670000] mtd: partition \u0026quot;rootfs_data\u0026quot; created automatically, ofs=7B0000, len=6F0000\n[    0.680000] 0x0000007b0000-0x000000ea0000 : \u0026quot;rootfs_data\u0026quot;\n[    0.680000] 0x000000ea0000-0x000000fe0000 : \u0026quot;kernel\u0026quot;\n[    0.680000] 0x000000fe0000-0x000000ff0000 : \u0026quot;nvram\u0026quot;\n[    0.690000] 0x000000ff0000-0x000001000000 : \u0026quot;art\u0026quot;\n[    0.690000] 0x000000050000-0x000000fe0000 : \u0026quot;firmware\u0026quot;\n[    0.710000] ag71xx_mdio: probed\n[    0.720000] eth0: Atheros AG71xx at 0xba000000, irq 5\n[    1.270000] eth0: Found an AR7240/AR9330 built-in switch\n[    2.300000] eth1: Atheros AG71xx at 0xb9000000, irq 4\n[    2.850000] ag71xx ag71xx.0: eth1: connected to PHY at ag71xx-mdio.1:04 [uid=004dd041, driver=Generic PHY]\n[    2.850000] ehci_hcd: USB 2.0 \u0026#39;Enhanced\u0026#39; Host Controller (EHCI) Driver\n[    2.850000] ehci-platform ehci-platform: Generic Platform EHCI Controller\n[    2.860000] ehci-platform ehci-platform: new USB bus registered, assigned bus number 1\n[    2.890000] ehci-platform ehci-platform: irq 3, io mem 0x1b000000\n[    2.910000] ehci-platform ehci-platform: USB 2.0 started, EHCI 1.00\n[    2.910000] usb usb1: New USB device found, idVendor=1d6b, idProduct=0002\n[    2.910000] usb usb1: New USB device strings: Mfr=3, Product=2, SerialNumber=1\n[    2.910000] usb usb1: Product: Generic Platform EHCI Controller\n[    2.920000] usb usb1: Manufacturer: Linux 3.3.8 ehci_hcd\n[    2.920000] usb usb1: SerialNumber: ehci-platform\n[    2.920000] hub 1-0:1.0: USB hub found\n[    2.920000] hub 1-0:1.0: 1 port detected\n[    2.930000] Initializing USB Mass Storage driver...\n[    2.930000] usbcore: registered new interface driver usb-storage\n[    2.930000] USB Mass Storage support registered.\n[    2.930000] input: gpio-keys-polled as /devices/platform/gpio-keys-polled/input/input0\n[    2.940000] sdhci: Secure Digital Host Controller Interface driver\n[    2.940000] sdhci: Copyright(c) Pierre Ossman\n[    2.940000] usbcore: registered new interface driver ushc\n[    2.940000] TCP cubic registered\n[    2.950000] NET: Registered protocol family 17\n[    2.950000] Bridge firewalling registered\n[    2.950000] 8021q: 802.1Q VLAN Support v1.8\n[    2.960000] VFS: Mounted root (squashfs filesystem) readonly on device 31:2.\n[    2.960000] Freeing unused kernel memory: 180k freed\n[    3.260000] usb 1-1: new high-speed USB device number 2 using ehci-platform\n[    3.460000] usb 1-1: New USB device found, idVendor=058f, idProduct=6254\n[    3.460000] usb 1-1: New USB device strings: Mfr=0, Product=1, SerialNumber=0\n[    3.470000] usb 1-1: Product: USB2.0Hub\n[    3.550000] hub 1-1:1.0: USB hub found\n[    3.550000] hub 1-1:1.0: 4 ports detected\n[    3.990000] usb 1-1.4: new high-speed USB device number 3 using ehci-platform\n[    4.150000] usb 1-1.4: New USB device found, idVendor=058f, idProduct=6366\n[    4.150000] usb 1-1.4: New USB device strings: Mfr=1, Product=2, SerialNumber=3\n[    4.160000] usb 1-1.4: Product: Mass Storage Device\n[    4.160000] usb 1-1.4: Manufacturer: Generic\n[    4.160000] usb 1-1.4: SerialNumber: 058F0O1111B1\n[    4.200000] scsi0 : usb-storage 1-1.4:1.0\n[    4.990000] Error: Driver \u0026#39;gpio-keys-polled\u0026#39; is already registered, aborting...\n[    5.240000] scsi 0:0:0:0: Direct-Access     Multi    Flash Reader     1.00 PQ: 0 ANSI: 0\n- preinit -\nPress the [f] key and hit [enter] to enter failsafe mode\n- regular preinit -\n[    9.540000] JFFS2 notice: (526) jffs2_build_xattr_subsystem: complete building xattr subsystem, 1 of xdatum (0 unchecked, 0 orphan) and 13 of xref (0 dead, 2 orphan) found.\n[   11.310000] sd 0:0:0:0: [sda] 31116288 512-byte logical blocks: (15.9 GB/14.8 GiB)\n[   11.310000] sd 0:0:0:0: [sda] Write Protect is off\n[   11.310000] sd 0:0:0:0: [sda] No Caching mode page present\n[   11.320000] sd 0:0:0:0: [sda] Assuming drive cache: write through\n[   11.320000] sd 0:0:0:0: [sda] No Caching mode page present\n[   11.330000] sd 0:0:0:0: [sda] Assuming drive cache: write through\n[   11.340000]  sda: sda1\n[   11.350000] sd 0:0:0:0: [sda] No Caching mode page present\n[   11.350000] sd 0:0:0:0: [sda] Assuming drive cache: write through\n[   11.350000] sd 0:0:0:0: [sda] Attached SCSI removable disk\nswitching to jffs2\n- init -\n\nPlease press Enter to activate this console.
[   38.700000] Loading modules backported from Linux version master-2014-05-22-0-gf2032ea\n[   38.700000] Backport generated by backports.git backports-20140320-37-g5c33da0\n[   38.870000] cfg80211: Calling CRDA to update world regulatory domain\n[   38.880000] cfg80211: World regulatory domain updated:\n[   38.880000] cfg80211:  DFS Master region: unset\n[   38.880000] cfg80211:   (start_freq - end_freq @ bandwidth), (max_antenna_gain, max_eirp), (dfs_cac_time)\n[   38.890000] cfg80211:   (2402000 KHz - 2472000 KHz @ 40000 KHz), (N/A, 2000 mBm), (N/A)\n[   38.890000] cfg80211:   (2457000 KHz - 2482000 KHz @ 40000 KHz), (N/A, 2000 mBm), (N/A)\n[   38.890000] cfg80211:   (2474000 KHz - 2494000 KHz @ 20000 KHz), (N/A, 2000 mBm), (N/A)\n[   38.900000] cfg80211:   (5170000 KHz - 5250000 KHz @ 80000 KHz), (N/A, 2000 mBm), (N/A)\n[   38.900000] cfg80211:   (5735000 KHz - 5835000 KHz @ 80000 KHz), (N/A, 2000 mBm), (N/A)\n[   38.900000] cfg80211:   (57240000 KHz - 63720000 KHz @ 2160000 KHz), (N/A, 0 mBm), (N/A)\n[   39.860000] ieee80211 phy0: Atheros AR9330 Rev:1 mem=0xb8100000, irq=2\n[   39.870000] cfg80211: Calling CRDA for country: US\n[   39.870000] cfg80211: Regulatory domain changed to country: US\n[   39.870000] cfg80211:  DFS Master region: FCC\n[   39.880000] cfg80211:   (start_freq - end_freq @ bandwidth), (max_antenna_gain, max_eirp), (dfs_cac_time)\n[   39.880000] cfg80211:   (2402000 KHz - 2472000 KHz @ 40000 KHz), (N/A, 3000 mBm), (N/A)\n[   39.880000] cfg80211:   (5170000 KHz - 5250000 KHz @ 80000 KHz), (N/A, 1700 mBm), (N/A)\n[   39.890000] cfg80211:   (5250000 KHz - 5330000 KHz @ 80000 KHz), (N/A, 2300 mBm), (0 s)\n[   39.890000] cfg80211:   (5735000 KHz - 5835000 KHz @ 80000 KHz), (N/A, 3000 mBm), (N/A)\n[   39.890000] cfg80211:   (57240000 KHz - 63720000 KHz @ 2160000 KHz), (N/A, 4000 mBm), (N/A)\n[   40.320000] NTFS driver 2.1.30 [Flags: R/O MODULE].\n[   40.360000] Error: Driver \u0026#39;gpio-keys-polled\u0026#39; is already registered, aborting...\n[   40.380000] loop: module loaded\n[   40.520000] PPP generic driver version 2.4.2\n[   40.570000] ip_tables: (C) 2000-2006 Netfilter Core Team\n[   40.690000] NET: Registered protocol family 24\n[   40.730000] nf_conntrack version 0.5.0 (954 buckets, 3816 max)\n[   41.170000] i2c /dev entries driver\n[   41.210000] Linux video capture interface: v2.00\n[   41.330000] fuse init (API version 7.18)\n\u003c/code\u003e\u003c/pre\u003e\n\u003cp\u003eAfter sysupgrade, this Yun runs a version of OpenWrt-Yun built on Nov 14, 2014\u003c/p\u003e\n\u003c!-- markdown-link-check-enable --\u003e\n\u003c!-- EOF --\u003e\n"},"config":{"title":"gmacario.github.io","description":"Gianpaolo Macario's public rants","social":{"github":{"name":"gmacario","link":"https://github.com/gmacario"},"twitter":{"name":"gpmacario","link":"https://www.twitter.com/gpmacario"}}}},"__N_SSG":true},"page":"/posts/[slug]","query":{"slug":"2015-03-30-upgrading-openwrt-on-my-yun"},"buildId":"vOvDAwlxpFCR4e8K4-6yo","runtimeConfig":{},"isFallback":false,"gsp":true}</script><script nomodule="" src="/_next/static/chunks/polyfills-144e5fa6fafab6397d9c.js"></script><script src="/_next/static/chunks/webpack-50bee04d1dc61f8adf5b.js" async=""></script><script src="/_next/static/chunks/framework.1a5e6c0bcaecf178eee2.js" async=""></script><script src="/_next/static/chunks/commons.a817edd9b2693fcc6af8.js" async=""></script><script src="/_next/static/chunks/main-daaff4f95c13923f49a5.js" async=""></script><script src="/_next/static/chunks/pages/_app-041b1432faef8bf5f62a.js" async=""></script><script src="/_next/static/chunks/b38cc82cec06c0ea8b096def674947a423bb2764.260eb1ac110a53311620.js" async=""></script><script src="/_next/static/chunks/pages/posts/%5Bslug%5D-1c9a30b06d2f3be2ac9c.js" async=""></script><script src="/_next/static/vOvDAwlxpFCR4e8K4-6yo/_buildManifest.js" async=""></script><script src="/_next/static/vOvDAwlxpFCR4e8K4-6yo/_ssgManifest.js" async=""></script></body></html>